PPM Plan 
,
            Finance 
,
            Governance & Executive 
,
            Administration 
,
            Backlog Management 
,
            Client Project Management 
,
            Probono 
,
            ,
             
,
            Freeform IT 
,
            Community Outreach 
,
            Human Resources 
,
            Freeform Hosting 
,
            Business Development  
,
            R&D 
,
            ,
            Goals 
,
            ,
            Formulize 
