Artigos GF comentários interessantes 
,
            Poorter 1999. Functional Ecology. 13:396-410 
,
            ,
            Espécies pioneiras crescem mais rápido do que as não pioneiras 
,
            ,
            ,
            Tolerância a sombra está relacionada com persistência e não com crescimento 
,
            Chazdon 2010. Biotropica. 42(1): 31–40 
,
            ,
            Falar no artigo que esse trabalho fala que é inadequada a divisão entre pioneira e não pioneira devido a grande variação que há entre elas. Além de terem descoberto que durante a ontogenia a resposta a luminosidade muda dentro de uma mesma espécie. Porém recomendar que essa classificação continue sendo usada em curto prazo enquanto não há informações confiáveis suficiente para esta simples classificação. Outras classificações como esta do artigo são bem vinda, contanto que tenham dados confiáveis. Porém dados estáticos já são difíceis de se obter, dados temporais, como taxa de crescimento em diâmetro ou altura, são mais difíceis ainda. Falar que vários tipos de classificações podem ser utilizadas e quanto mais detalhe melhor, porém os dados é que são mais limitantes. Se focarmos em dados de germinação e crescimento limitantes, como sugerem sainete e whitmore, da uma idéia maismrápida e a curto prazo da classificação destas espécies. Depois com o tempo conseguiremos construir classificações mais detalhadas e com mais dados confiáveis.  
,
            ,
             
,
            ,
             
,
            ,
             
,
            ,
             
,
            ,
             
,
            ,
             
,
            ,
             
,
            ,
             
,
            ,
             
,
            Baraloto et al. 2010. Functional trait variation and sampling strategies in species-rich plant communities 
,
            ,
             
,
            ,
             
,
            ,
             
,
            ,
            Falar que a escolha das categorias de sucessão e dos parâmetros ou característica dos indivíduos que serão utilizadas dependera da facilidade de coleta dos dados e do custo monetário e temporal. 
,
            ,
            Ver se classifica sucessão por densidade de tronco para citar no artigo como exemplo de outros atributos além de germinação e ver se e custoso no tempo e em dinheiro 
,
            ,
            Intensas amostragens de experimentos simples  tem maior retorno em acurácia de estimativa e de custo tb. 
,
            ,
             
,
            ,
             
