I Care 
,
            De markt 
,
            ,
            hygiëne 
,
            ,
            diensten 
,
            ,
            energie 
,
            ,
            ,
            kamer herkent gebruiker 
,
            ,
            ,
            automatische lichten 
,
            ,
            inrichting (woning) 
,
            ,
            ,
            advies 
,
            ,
            ,
            ,
            kleuren en stijlen 
,
            ,
            ,
            monitoring 
,
            ,
            ,
            ,
            eigendomsverificatie 
,
            ,
            ,
            ,
            kwaliteit 
,
            ,
            medicijnen 
,
            ,
            ,
            alternatieven 
,
            ,
            ,
            neveneffecten 
,
            ,
            ,
            werking 
,
            ,
            ,
            kwaliteit 
,
            ,
            electronica 
,
            ,
            ,
            monitoring 
,
            ,
            ,
            ,
            productie verloop 
,
            ,
            ,
            ,
            ,
            testfasen 
,
            ,
            ,
            ,
            ,
            wat/wanneer 
,
            ,
            ,
            ,
            ,
            door wie 
,
            ,
            ,
            ,
            levensloop 
,
            ,
            ,
            ,
            ,
            gebruikscycli 
,
            ,
            ,
            ,
            kwaliteit 
,
            ,
            ,
            ,
            ,
            reparatieservice 
,
            ,
            ,
            ,
            ,
            rechtstreekse link naar producent bij falen 
,
            ,
            ,
            eigendomsverificatie 
,
            ,
            ,
            ,
            afdanking (sluikstorten) 
,
            ,
            ,
            ,
            koop-verkoop 
,
            ,
            ,
            ,
            GPS tracking 
,
            ,
            voeding 
,
            ,
            ,
            zie bij handelingen -->winkelen 
,
            ,
            kleding 
,
            ,
            ,
            stijlen 
,
            ,
            ,
            ,
            begeleiding bij het winkelen naar gelijkaardige kleding 
,
            ,
            ,
            monitoring 
,
            ,
            ,
            kwaliteitsinfo bij aankoop 
,
            ,
            ,
            ,
            reviews 
,
            ,
            ,
            ,
            info uit cloud 
,
            ,
            ,
            informatiebronnen per merk 
,
            ,
            ,
            ,
            slimme kledij 
,
            veiligheid 
,
            ,
            criminaliteit 
,
            ,
            ,
            Aantal ongevallen/criminele feiten registreren 
,
            ,
            ,
            ,
            Terugkoppeling naar politie/verkeersdienst 
,
            ,
            ,
            ,
            Meer controle 
,
            ,
            ,
            ,
            Mapping van probleemsituaties 
,
            ,
            ,
            diefstal 
,
            ,
            ,
            ,
            tracking via gps 
,
            ,
            ,
            wapenhandel 
,
            ,
            ,
            ,
            opsporen 
,
            ,
            ,
            drugs 
,
            ,
            ,
            ,
            opsporen 
,
            ,
            ,
            ,
            ,
            testen per woonregio (via afvoerstelsels) 
,
            ,
            ,
            ,
            ,
            individuele tests 
,
            ,
            verkeer 
,
            ,
            ,
            ongevallen 
,
            ,
            ,
            ,
            info over de staat van het wegdek 
,
            ,
            ,
            ,
            ,
            aanpassing van max. snelheid 
,
            ,
            ,
            ,
            ,
            waarschuwingen 
,
            ,
            ,
            ,
            ,
            wegenwerken 
,
            ,
            ,
            ,
            oorzaak 
,
            ,
            ,
            ,
            ,
            opsporen van vluchtmisdrijf 
,
            ,
            ,
            ,
            ,
            Automatisch opbellen van hulpdiensten 
,
            ,
            ,
            ,
            ,
            nagaan van de oorzaak 
,
            ,
            ,
            ,
            preventie 
,
            ,
            ,
            ,
            ,
            bestraffen van chauffeurs? 
,
            ,
            ,
            ,
            ,
            roekeloos rijgedrag opsporen 
,
            ,
            ,
            ,
            ,
            ,
            via sensoren aan boord versnelling, manouvres, snelheid,... registreren 
,
            ,
            ,
            Openbare fietsen 
,
            ,
            ,
            ,
            Fiets bestellen in grote steden 
,
            ,
            ,
            ,
            Trackingsysteem, # fietsen op 1 plaats 
,
            ,
            ,
            Openbaar vervoer 
,
            ,
            ,
            filevorming 
,
            ,
            ,
            ,
            Omleiding zoeken 
,
            ,
            ,
            ,
            preventie 
,
            handelingen 
,
            ,
            winkelen 
,
            ,
            ,
            winkelhulp 
,
            ,
            ,
            ,
            boodschappenlijst 
,
            ,
            ,
            ,
            ,
            alternatieven indien uitverkocht 
,
            ,
            ,
            ,
            ,
            dichtste bij bovenaan 
,
            ,
            ,
            ,
            recepten generator 
,
            ,
            ,
            ,
            bestellingen op afstand 
,
            ,
            ,
            ,
            digitale portemonnee 
,
            ,
            ,
            ,
            productinfo 
,
            ,
            ,
            ,
            ,
            alternatieve producten 
,
            ,
            ,
            ,
            ,
            diëet checker 
,
            ,
            ,
            ,
            ,
            kwaliteit 
,
            ,
            ,
            ,
            ,
            ,
            voedingstoffen 
,
            ,
            ,
            ,
            ,
            ,
            bio 
,
            ,
            ,
            ,
            ,
            ,
            databases v. reviews 
,
            ,
            ,
            ,
            ,
            ,
            via cloud 
,
            ,
            ,
            ,
            ,
            prijs 
,
            ,
            ,
            ,
            ,
            allergie 
,
            ,
            ,
            ,
            ,
            ,
            Salmonella sensor 
,
            ,
            ,
            ,
            ,
            ,
            Sensor voor vers fruit en vlees 
,
            ,
            ,
            ,
            ,
            ,
            Gezondheidscontrole 
,
            industrie 
,
            aandoeningen en situaties 
,
            ,
            dementen 
,
            ,
            ,
            eten 
,
            ,
            ,
            wassen 
,
            ,
            ,
            wegloopdetectie 
,
            ,
            zwangerschap 
,
            ,
            ,
            geboortetimer 
,
            ,
            ,
            info over voeding 
,
            ,
            ,
            ,
            via cloud info over voeding 
,
            ,
            ,
            ,
            wat is gezond 
,
            ,
            ,
            baby monitoren 
,
            sport 
,
            ,
            opvolging van de sporter 
,
            ,
            ,
            gps 
,
            ,
            ,
            cadans 
,
            ,
            ,
            energieverbruik 
,
            ,
            ,
            bloeddruk 
,
            ,
            ,
            hartslag 
,
            cultuur 
,
            ,
            festival 
,
            bouw 
,
            ,
            opvolging zoals plannen zijn getekend 
,
            ,
            ,
            nameten 
,
            ,
            ,
            juistheid van materialen 
,
            ,
            ,
            isolatie 
,
            ,
            ,
            ,
            warmtemetingen 
,
            ziektes 
,
            ,
            stress 
,
            ,
            ,
            monitoring 
,
            ,
            ,
            ,
            in welke afdeling een probleem 
,
            ,
            ,
            ,
            ,
            aanpak 
,
            ,
            ,
            ,
            ,
            aan welke factoren ligt dat 
,
            ,
            ,
            afreageren 
,
            ,
            thuisverzorging 
,
            ,
            ,
            link naar ziekenhuis 
,
            ,
            ,
            link naar dokter 
,
            ,
            ,
            meting van de symptomen 
,
            ,
            ,
            ,
            objectieve metingen 
,
            ,
            ,
            ,
            toevoeging van eigen waarneming 
,
            ,
            verschillende ziektes 
,
            ,
            ,
            anorexia 
,
            ,
            ,
            ,
            eten ze voldoende 
,
            ,
            ,
            ,
            nagaan of ze eten 
,
            ,
            ,
            astma 
,
            ,
            ,
            ,
            detectie van luchtkwaliteit 
,
            ,
            ,
            ,
            ,
            in kaart brengen van 
,
            ,
            ,
            ,
            ,
            ,
            allergie veroorzakende deeltjes 
,
            ,
            ,
            ,
            ,
            ,
            pollen 
,
            ,
            ,
            ,
            ,
            ,
            vervuiling 
,
            ,
            ,
            epilepsie 
,
            ,
            ,
            ,
            aanval voorspellen?? 
,
            ,
            ,
            diabetes 
,
            ,
            ,
            ,
            suikerspiegel meten 
,
            ,
            ,
            ,
            ,
            automatische inspuiting 
,
            ,
            ,
            ,
            ,
            alert indien te laag 
,
            ,
            ,
            aids 
,
            ,
            ,
            ,
            vergroten van de database aan info 
,
            ,
            ,
            mucoviscidose 
,
            ,
            ,
            ,
            alert voor donor 
,
            ,
            ,
            ,
            longcapaciteit meten 
,
            ,
            ,
            MS 
,
            ,
            ,
            ,
            bevorderen van communicatie tijdens de aftakeling 
,
            ,
            ,
            ,
            ,
            naar familie en vrienden toe 
,
            ,
            ,
            ,
            ,
            naar de dokters toe 
,
            ,
            ,
            feedback van de lichaamsconditie 
,
            ,
            ,
            ,
            aan dokter 
,
            ,
            ,
            ,
            ,
            op afstand consulatie 
,
            ,
            ,
            ,
            ,
            volledig overzicht 
,
            ,
            ,
            ,
            ,
            contacteert patient indien nodig 
,
            ,
            ,
            ,
            link 
,
            ,
            ,
            ,
            ,
            naar behandelend arts 
,
            ,
            ,
            ,
            ,
            naar hulpdiensten 
,
            ,
            ,
            ,
            ,
            naar ziekenhuis 
,
            ,
            ,
            ,
            aan de patiënt 
,
            ,
            ,
            ,
            ,
            waarschuwingen 
,
            milieu 
,
            ,
            alternatieve energie 
,
            ,
            ,
            kernenergie 
,
            ,
            ,
            zon 
,
            ,
            ,
            wind 
,
            ,
            waterreserves 
,
            ,
            ,
            vervuiling 
,
            ,
            ,
            reserves 
,
            ,
            eco systemen 
,
            ,
            ,
            diversiteit 
,
            ,
            dioxines 
,
            ,
            afval 
,
            ,
            ,
             
,
            ,
            ,
            cradle 2 cradle 
,
            ,
            ,
            riolen 
,
            ,
            ,
            verwerking 
,
            ,
            pollutie 
,
            ,
            mag ik dit door mijn gootsteen kappen 
,
            ,
            bosbouw 
,
            ,
            ,
            bodemvervuiling 
,
            ,
            ,
            ,
            onderzoek 
,
            ,
            ,
            parasieten 
,
            ,
            ,
            ziektes bij bomen 
