1 I Care
	1.1 De markt
		* Note: 
		1.1.1 hygiëne
		1.1.2 diensten
		1.1.3 energie
			1.1.3.1 kamer herkent gebruiker
			1.1.3.2 automatische lichten
		1.1.4 inrichting (woning)
			1.1.4.1 advies
				1.1.4.1.1 kleuren en stijlen
			1.1.4.2 monitoring
				1.1.4.2.1 eigendomsverificatie
				1.1.4.2.2 kwaliteit
		1.1.5 medicijnen
			1.1.5.1 alternatieven
			1.1.5.2 neveneffecten
			1.1.5.3 werking
			1.1.5.4 kwaliteit
		1.1.6 electronica
			1.1.6.1 monitoring
				1.1.6.1.1 productie verloop
					1.1.6.1.1.1 testfasen
					1.1.6.1.1.2 wat/wanneer
					1.1.6.1.1.3 door wie
				1.1.6.1.2 levensloop
					1.1.6.1.2.1 gebruikscycli
				1.1.6.1.3 kwaliteit
					1.1.6.1.3.1 reparatieservice
					1.1.6.1.3.2 rechtstreekse link naar producent bij falen
			1.1.6.2 eigendomsverificatie
				1.1.6.2.1 afdanking (sluikstorten)
				1.1.6.2.2 koop-verkoop
				1.1.6.2.3 GPS tracking
		1.1.7 voeding
			1.1.7.1 zie bij handelingen -->winkelen
		1.1.8 kleding
			1.1.8.1 stijlen
				1.1.8.1.1 begeleiding bij het winkelen naar gelijkaardige kleding
			1.1.8.2 monitoring
				* Note: 
			1.1.8.3 kwaliteitsinfo bij aankoop
				1.1.8.3.1 reviews
				1.1.8.3.2 info uit cloud
			1.1.8.4 informatiebronnen per merk
				1.1.8.4.1 slimme kledij
	1.2 veiligheid
		1.2.1 criminaliteit
			* Note: 
			1.2.1.1 Aantal ongevallen/criminele feiten registreren
				1.2.1.1.1 Terugkoppeling naar politie/verkeersdienst
				1.2.1.1.2 Meer controle
				1.2.1.1.3 Mapping van probleemsituaties
			1.2.1.2 diefstal
				1.2.1.2.1 tracking via gps
			1.2.1.3 wapenhandel
				1.2.1.3.1 opsporen
			1.2.1.4 drugs
				1.2.1.4.1 opsporen
					1.2.1.4.1.1 testen per woonregio (via afvoerstelsels)
					1.2.1.4.1.2 individuele tests
		1.2.2 verkeer
			* Note: 
			1.2.2.1 ongevallen
				1.2.2.1.1 info over de staat van het wegdek
					1.2.2.1.1.1 aanpassing van max. snelheid
					1.2.2.1.1.2 waarschuwingen
					1.2.2.1.1.3 wegenwerken
				1.2.2.1.2 oorzaak
					1.2.2.1.2.1 opsporen van vluchtmisdrijf
					1.2.2.1.2.2 Automatisch opbellen van hulpdiensten
					1.2.2.1.2.3 nagaan van de oorzaak
				1.2.2.1.3 preventie
					1.2.2.1.3.1 bestraffen van chauffeurs?
					1.2.2.1.3.2 roekeloos rijgedrag opsporen
						1.2.2.1.3.2.1 via sensoren aan boord versnelling, manouvres, snelheid,... registreren
			1.2.2.2 Openbare fietsen
				1.2.2.2.1 Fiets bestellen in grote steden
				1.2.2.2.2 Trackingsysteem, # fietsen op 1 plaats
			1.2.2.3 Openbaar vervoer
			1.2.2.4 filevorming
				1.2.2.4.1 Omleiding zoeken
				1.2.2.4.2 preventie
					* Note: 
	1.3 handelingen
		1.3.1 winkelen
			1.3.1.1 winkelhulp
				1.3.1.1.1 boodschappenlijst
					1.3.1.1.1.1 alternatieven indien uitverkocht
					1.3.1.1.1.2 dichtste bij bovenaan
				1.3.1.1.2 recepten generator
					* Note: 
				1.3.1.1.3 bestellingen op afstand
				1.3.1.1.4 digitale portemonnee
				1.3.1.1.5 productinfo
					1.3.1.1.5.1 alternatieve producten
					1.3.1.1.5.2 diëet checker
					1.3.1.1.5.3 kwaliteit
						1.3.1.1.5.3.1 voedingstoffen
						1.3.1.1.5.3.2 bio
						1.3.1.1.5.3.3 databases v. reviews
						1.3.1.1.5.3.4 via cloud
					1.3.1.1.5.4 prijs
					1.3.1.1.5.5 allergie
						1.3.1.1.5.5.1 Salmonella sensor
						1.3.1.1.5.5.2 Sensor voor vers fruit en vlees
						1.3.1.1.5.5.3 Gezondheidscontrole
	1.4 industrie
	1.5 aandoeningen en situaties
		1.5.1 dementen
			1.5.1.1 eten
			1.5.1.2 wassen
			1.5.1.3 wegloopdetectie
		1.5.2 zwangerschap
			1.5.2.1 geboortetimer
				* Note: 
			1.5.2.2 info over voeding
				1.5.2.2.1 via cloud info over voeding
					* Note: 
				1.5.2.2.2 wat is gezond
			1.5.2.3 baby monitoren
	1.6 sport
		1.6.1 opvolging van de sporter
			1.6.1.1 gps
			1.6.1.2 cadans
			1.6.1.3 energieverbruik
			1.6.1.4 bloeddruk
			1.6.1.5 hartslag
	1.7 cultuur
		1.7.1 festival
	1.8 bouw
		* Note: 
		1.8.1 opvolging zoals plannen zijn getekend
			1.8.1.1 nameten
			1.8.1.2 juistheid van materialen
			1.8.1.3 isolatie
				1.8.1.3.1 warmtemetingen
	1.9 ziektes
		1.9.1 stress
			1.9.1.1 monitoring
				1.9.1.1.1 in welke afdeling een probleem
					1.9.1.1.1.1 aanpak
					1.9.1.1.1.2 aan welke factoren ligt dat
			1.9.1.2 afreageren
		1.9.2 thuisverzorging
			1.9.2.1 link naar ziekenhuis
			1.9.2.2 link naar dokter
			1.9.2.3 meting van de symptomen
				1.9.2.3.1 objectieve metingen
				1.9.2.3.2 toevoeging van eigen waarneming
		1.9.3 verschillende ziektes
			* Note: 
			1.9.3.1 anorexia
				1.9.3.1.1 eten ze voldoende
				1.9.3.1.2 nagaan of ze eten
			1.9.3.2 astma
				1.9.3.2.1 detectie van luchtkwaliteit
					1.9.3.2.1.1 in kaart brengen van
						1.9.3.2.1.1.1 allergie veroorzakende deeltjes
						1.9.3.2.1.1.2 pollen
						1.9.3.2.1.1.3 vervuiling
			1.9.3.3 epilepsie
				1.9.3.3.1 aanval voorspellen??
			1.9.3.4 diabetes
				1.9.3.4.1 suikerspiegel meten
					1.9.3.4.1.1 automatische inspuiting
					1.9.3.4.1.2 alert indien te laag
			1.9.3.5 aids
				1.9.3.5.1 vergroten van de database aan info
			1.9.3.6 mucoviscidose
				1.9.3.6.1 alert voor donor
				1.9.3.6.2 longcapaciteit meten
			1.9.3.7 MS
				1.9.3.7.1 bevorderen van communicatie tijdens de aftakeling
					1.9.3.7.1.1 naar familie en vrienden toe
					1.9.3.7.1.2 naar de dokters toe
			1.9.3.8 feedback van de lichaamsconditie
				1.9.3.8.1 aan dokter
					1.9.3.8.1.1 op afstand consulatie
					1.9.3.8.1.2 volledig overzicht
					1.9.3.8.1.3 contacteert patient indien nodig
				1.9.3.8.2 link
					1.9.3.8.2.1 naar behandelend arts
					1.9.3.8.2.2 naar hulpdiensten
					1.9.3.8.2.3 naar ziekenhuis
				1.9.3.8.3 aan de patiënt
					1.9.3.8.3.1 waarschuwingen
	1.10 milieu
		1.10.1 alternatieve energie
			1.10.1.1 kernenergie
			1.10.1.2 zon
			1.10.1.3 wind
		1.10.2 waterreserves
			1.10.2.1 vervuiling
			1.10.2.2 reserves
		1.10.3 eco systemen
			1.10.3.1 diversiteit
		1.10.4 dioxines
		1.10.5 afval
			1.10.5.1 
			1.10.5.2 cradle 2 cradle
			1.10.5.3 riolen
			1.10.5.4 verwerking
		1.10.6 pollutie
		1.10.7 mag ik dit door mijn gootsteen kappen
		1.10.8 bosbouw
			1.10.8.1 bodemvervuiling
				1.10.8.1.1 onderzoek
			1.10.8.2 parasieten
			1.10.8.3 ziektes bij bomen
