أَبْجَدِيَّة عَرَبِيَّة 
,
            أَبْجَدِيَّة عَرَبِ 
,
             
