i18n 
,
            Este es un é con acento 
,
            Este es una ñ 
,
            這是一個樣本 Japanise。 
