1 أَبْجَدِيَّة عَرَبِيَّة
	1.1 أَبْجَدِيَّة عَرَبِ
	  [Note: This is a not in languange أَبْجَدِيَّة عَرَبِ]
	1.2 Long text node: 
 أَبْجَدِيَّة عَرَب
