La computadora 
,
             
,
            ,
             
,
            ,
            ,
            Microsoft Windows 
,
            ,
            ,
            GNU/LINUX 
,
            ,
            ,
            MAC  
,
            ,
             
,
            ,
            ,
            Office 
,
            ,
            ,
            Libre Office 
,
            ,
            ,
            Navegadores 
,
            ,
            ,
            Msn 
,
            ,
             
,
             
,
            ,
             
,
            ,
            ,
             
,
            ,
            Salida de datos 
,
            ,
            ,
             
,
            ,
            Almacenamiento 
,
            ,
            ,
             
,
            Tipos de computadora 
,
            ,
            Computadora personal de escritorio o Desktop 
,
            ,
             
,
            ,
            Laptop 
,
            ,
            Servidor 
,
            ,
            Tablet PC 
