California 
,
            Northern California 
,
            ,
            Oakland/Berkeley 
,
            ,
            San Mateo 
,
            ,
            Other North 
,
            ,
            San Francisco 
,
            ,
            Santa Clara 
,
            ,
            Marin/Napa/Solano 
,
            Hawaii 
,
            Corneal Tissue OPS 
,
            ,
            Transplant Bank International 
,
            ,
            ,
            Orange County Eye and Transplant Bank 
,
            ,
            ,
            Northern California Transplant Bank 
,
            ,
            ,
            ,
            In 2010, 2,500 referrals forwarded to OneLegacy 
,
            ,
            ,
            Doheny Eye and Tissue Transplant Bank 
,
            ,
            OneLegacy 
,
            ,
            ,
            In 2010, 11,828 referrals 
,
            ,
            San Diego Eye Bank 
,
            ,
            ,
            In 2010, 2,555 referrals 
,
            ,
            California Transplant Donor Network 
,
            ,
            California Transplant Services 
,
            ,
            ,
            In 2010, 0 referrals 
,
            ,
            Lifesharing 
,
            ,
            DCI Donor Services 
,
            ,
            ,
            Sierra Eye and Tissue Donor Services 
,
            ,
            ,
            ,
            In 2010, 2.023 referrals 
,
            ,
            SightLife 
,
            Southern California 
,
            ,
            Los Angeles 
,
            ,
            Anaheim/Santa Ana 
,
            ,
            Ventura 
,
            ,
            Other South 
,
            QE Medicare 
,
            Policy Bodies 
,
            ,
            Advocacy 
,
            ,
            ,
            AAO 
,
            ,
            ,
            ASCRS 
,
            ,
            ,
            EBAA 
,
            ,
            Military 
,
            ,
            United Network for Organ Sharing 
,
            ,
            Kaiser Hospital System 
,
            ,
            University of California System 
,
            ,
            CMS 
,
            ,
            ,
            Medicare Part A 
,
            ,
            ,
            Medicare Part B 
,
            CMS Data 
,
            Tools 
,
            ,
            Darthmouth Atlas of Health 
,
            ,
            HealthLandscape 
,
            Ambulatory Payment Classification 
,
            ,
            CPT's which don't allow V2785 
,
            ,
            ,
            Ocular Reconstruction Transplant 
,
            ,
            ,
            ,
            65780 (amniotic membrane tranplant 
,
            ,
            ,
            ,
            65781 (limbal stem cell allograft) 
,
            ,
            ,
            ,
            65782 (limbal conjunctiva autograft) 
,
            ,
            ,
            Endothelial keratoplasty 
,
            ,
            ,
            ,
            65756 
,
            ,
            ,
            Epikeratoplasty 
,
            ,
            ,
            ,
            65767 
,
            ,
            Anterior lamellar keratoplasty 
,
            ,
            ,
            65710 
,
            ,
            Processing, preserving, and transporting corneal tissue 
,
            ,
            ,
            V2785 
,
            ,
            ,
            Laser incision in recepient 
,
            ,
            ,
            ,
            0290T 
,
            ,
            Laser incision in donor 
,
            ,
            ,
            0289T 
,
            ,
            Penetrating keratoplasty 
,
            ,
            ,
            65730 (in other) 
,
            ,
            ,
            65755 (in pseudoaphakia) 
,
            ,
            ,
            65750 (in aphakia) 
