Prospace 
,
            Third Party  
,
            ,
            Thumbshot 
,
            Newspapers 
,
            ,
            College Newspapers 
,
            Partnerships 
,
            ,
            Websites 
,
            ,
            ,
            Business Networks 
,
            ,
            ,
            ,
            konnects.com 
,
            ,
            ,
            ,
            Xing 
,
            Career Counseling 
,
            ,
            Professional Associations 
,
            ,
            Fraternity 
,
            White-Label 
,
            ,
            http://www.harrisconnect.com/ 
