1 Prospace
	* Link: prospace.com
	* Note: 
	1.1 Third Party 
		1.1.1 Thumbshot
			* Link: thumbshots.org
	1.2 Newspapers
		1.2.1 College Newspapers
	1.3 Partnerships
		1.3.1 Websites
			1.3.1.1 Business Networks
				1.3.1.1.1 konnects.com
				1.3.1.1.2 Xing
	1.4 Career Counseling
		1.4.1 Professional Associations
		1.4.2 Fraternity
	1.5 White-Label
		1.5.1 http://www.harrisconnect.com/
