Welcome To WiseMapping 
,
            Try it Now! 
,
            ,
            Double Click 
,
            ,
             INS to insert 
,
            ,
            Drag map to move 
,
            Productivity 
,
            ,
            Share your ideas 
,
            ,
             
,
            ,
            Visual  
,
            Mind Mapping 
,
            ,
            Share with Collegues 
,
            ,
            Online 
,
            ,
            Anyplace, Anytime 
,
            ,
            Free!!! 
,
            Web 2.0 Tool 
,
            ,
            Collaborate 
,
            ,
            No plugin required 
,
            ,
            Share 
,
            ,
            Easy to use 
,
            Features 
,
            ,
            Links to Sites 
,
            ,
            Fonts 
,
            ,
            Topic Color 
,
            ,
            Topic Shapes 
,
            ,
            Icons 
,
            ,
            History Changes 
